[wordpress.revanoid.com/index.html]
[backblue.gif]
[fade.gif]
[index.html]
[wordpress.revanoid.com/wp-content/themes/astra/assets/css/minified/main.min33c5.css]
[wordpress.revanoid.com/wp-includes/js/mediaelement/mediaelementplayer-legacy.min1f61.css]
[wordpress.revanoid.com/wp-includes/js/mediaelement/wp-mediaelement.minef10.css]
[wordpress.revanoid.com/feed/index.html]
[wordpress.revanoid.com/wp-content/plugins/addons-for-visual-composer/assets/css/animatecd70.css]
[wordpress.revanoid.com/wp-content/plugins/addons-for-visual-composer/assets/css/lvca-frontendcd70.css]
[wordpress.revanoid.com/wp-content/plugins/addons-for-visual-composer/assets/css/icomooncd70.css]
[wordpress.revanoid.com/wp-content/themes/astra/assets/css/minified/compatibility/woocommerce/woocommerce-layout-grid.min33c5.css]
[wordpress.revanoid.com/comments/feed/index.html]
[wordpress.revanoid.com/wp-content/themes/astra/assets/css/minified/compatibility/woocommerce/woocommerce-smallscreen-grid.min33c5.css]
[wordpress.revanoid.com/wp-content/themes/astra/assets/css/minified/compatibility/woocommerce/woocommerce-grid.min33c5.css]
[wordpress.revanoid.com/wp-content/plugins/addons-for-visual-composer/includes/addons/accordion/css/stylecd70.css]
[wordpress.revanoid.com/wp-content/plugins/addons-for-visual-composer/assets/css/slickcd70.css]
[wordpress.revanoid.com/wp-content/plugins/addons-for-visual-composer/includes/addons/carousel/css/stylecd70.css]
[wordpress.revanoid.com/wp-content/plugins/addons-for-visual-composer/includes/addons/clients/css/stylecd70.css]
[wordpress.revanoid.com/wp-content/plugins/addons-for-visual-composer/includes/addons/heading/css/stylecd70.css]
[wordpress.revanoid.com/wp-content/plugins/addons-for-visual-composer/includes/addons/odometers/css/stylecd70.css]
[wordpress.revanoid.com/wp-content/plugins/addons-for-visual-composer/includes/addons/piecharts/css/stylecd70.css]
[wordpress.revanoid.com/wp-content/plugins/addons-for-visual-composer/includes/addons/posts-carousel/css/stylecd70.css]
[wordpress.revanoid.com/wp-content/plugins/addons-for-visual-composer/includes/addons/pricing-table/css/stylecd70.css]
[wordpress.revanoid.com/wp-content/plugins/addons-for-visual-composer/includes/addons/services/css/stylecd70.css]
[wordpress.revanoid.com/wp-content/plugins/addons-for-visual-composer/includes/addons/stats-bar/css/stylecd70.css]
[wordpress.revanoid.com/wp-content/plugins/addons-for-visual-composer/includes/addons/tabs/css/stylecd70.css]
[wordpress.revanoid.com/wp-content/plugins/addons-for-visual-composer/includes/addons/team/css/stylecd70.css]
[wordpress.revanoid.com/wp-content/plugins/addons-for-visual-composer/includes/addons/testimonials/css/stylecd70.css]
[wordpress.revanoid.com/wp-content/plugins/addons-for-visual-composer/assets/css/flexslidercd70.css]
[wordpress.revanoid.com/wp-content/plugins/addons-for-visual-composer/includes/addons/testimonials-slider/css/stylecd70.css]
[wordpress.revanoid.com/wp-content/plugins/addons-for-visual-composer/includes/addons/portfolio/css/stylecd70.css]
[wordpress.revanoid.com/wp-content/plugins/header-footer-elementor/assets/css/header-footer-elementord2fa.css]
[wordpress.revanoid.com/wp-content/plugins/elementor/assets/css/frontend-lite.min63aa.css]
[wordpress.revanoid.com/wp-content/plugins/elementor/assets/lib/swiper/v8/css/swiper.min94a4.css]
[wordpress.revanoid.com/wp-content/uploads/elementor/css/post-71187.css]
[wordpress.revanoid.com/wp-content/uploads/elementor/css/global72e0.css]
[wordpress.revanoid.com/wp-content/uploads/elementor/css/post-145d06.css]
[wordpress.revanoid.com/wp-content/plugins/woo-custom-add-to-cart-button/assets/css/wc-custom-add-to-cart.min9030.css]
[wordpress.revanoid.com/wp-includes/js/dist/vendor/wp-polyfill-inert.min0226.js]
[wordpress.revanoid.com/wp-includes/js/dist/vendor/regenerator-runtime.min6c85.js]
[wordpress.revanoid.com/wp-includes/js/dist/vendor/wp-polyfill.min2c7c.js]
[wordpress.revanoid.com/wp-includes/js/dist/hooks.min2757.js]
[stats.wp.com/w7f4c.js]
[wordpress.revanoid.com/wp-includes/js/jquery/jquery.minf43b.js]
[wordpress.revanoid.com/wp-includes/js/jquery/jquery-migrate.min5589.js]
[wordpress.revanoid.com/wp-content/plugins/addons-for-visual-composer/assets/js/jquery.waypoints.mincd70.js]
[wordpress.revanoid.com/wp-content/plugins/addons-for-visual-composer/assets/js/lvca-frontend.mincd70.js]
[wordpress.revanoid.com/wp-content/plugins/woocommerce/assets/js/jquery-blockui/jquery.blockUI.mince95.js]
[wordpress.revanoid.com/wp-content/plugins/woocommerce/assets/js/frontend/add-to-cart.min27f0.js]
[wordpress.revanoid.com/wp-content/plugins/woocommerce/assets/js/js-cookie/js.cookie.mina39c.js]
[wordpress.revanoid.com/wp-content/plugins/woocommerce/assets/js/frontend/woocommerce.min27f0.js]
[wordpress.revanoid.com/wp-content/plugins/addons-for-visual-composer/includes/addons/accordion/js/accordion.mincd70.js]
[wordpress.revanoid.com/wp-content/plugins/addons-for-visual-composer/assets/js/slick.mincd70.js]
[wordpress.revanoid.com/wp-content/plugins/addons-for-visual-composer/assets/js/jquery.stats.mincd70.js]
[wordpress.revanoid.com/wp-content/plugins/addons-for-visual-composer/includes/addons/odometers/js/odometer.mincd70.js]
[wordpress.revanoid.com/wp-content/plugins/addons-for-visual-composer/includes/addons/piecharts/js/piechart.mincd70.js]
[wordpress.revanoid.com/wp-content/plugins/addons-for-visual-composer/includes/addons/posts-carousel/js/posts-carousel.mincd70.js]
[wordpress.revanoid.com/wp-content/plugins/addons-for-visual-composer/includes/addons/spacer/js/spacer.mincd70.js]
[wordpress.revanoid.com/wp-content/plugins/addons-for-visual-composer/includes/addons/services/js/services.mincd70.js]
[wordpress.revanoid.com/wp-content/plugins/addons-for-visual-composer/includes/addons/stats-bar/js/stats-bar.mincd70.js]
[wordpress.revanoid.com/wp-content/plugins/addons-for-visual-composer/includes/addons/tabs/js/tabs.mincd70.js]
[wordpress.revanoid.com/wp-content/plugins/addons-for-visual-composer/assets/js/jquery.flexslider.mincd70.js]
[wordpress.revanoid.com/wp-content/plugins/addons-for-visual-composer/includes/addons/testimonials-slider/js/testimonials.mincd70.js]
[wordpress.revanoid.com/wp-content/plugins/addons-for-visual-composer/assets/js/isotope.pkgd.mincd70.js]
[wordpress.revanoid.com/wp-content/plugins/addons-for-visual-composer/assets/js/imagesloaded.pkgd.mincd70.js]
[wordpress.revanoid.com/wp-content/plugins/addons-for-visual-composer/includes/addons/portfolio/js/portfolio.mincd70.js]
[stats.wp.com/s-202421.js]
[wordpress.revanoid.com/wp-json/wp/v2/pages/14.json]
[wordpress.revanoid.com/wp-json/index.html]
[wordpress.revanoid.com/xmlrpc0db0.php]
[wordpress.revanoid.com/wp-json/oembed/1.0/embed7e71.json]
[wordpress.revanoid.com/wp-json/oembed/1.0/embedb3f2]
[wordpress.revanoid.com/wp-content/uploads/2024/05/Screenshot-2024-04-13-100634-100x100.png]
[wordpress.revanoid.com/wp-content/uploads/2024/05/Screenshot-2024-04-13-100634-300x300.png]
[wordpress.revanoid.com/wp-content/uploads/2024/05/Screenshot-2024-04-13-100634-58x62.png]
[wordpress.revanoid.com/wp-content/uploads/2024/05/OIP-5-300x300.jpg]
[wordpress.revanoid.com/wp-content/uploads/2024/05/imgkit11-300x300.jpg]
[wordpress.revanoid.com/wp-content/uploads/2024/05/OIP-9-300x300.jpg]
[wordpress.revanoid.com/wp-content/uploads/2024/05/OIP-6-300x300.jpg]
[wordpress.revanoid.com/wp-content/uploads/2024/05/Plain-Black-Dress-Shoes-300x300.jpg]
[wordpress.revanoid.com/wp-content/uploads/2024/05/OIP-8.jpg]
[wordpress.revanoid.com/wp-content/uploads/2024/05/R-6-scaled.jpg]
[wordpress.revanoid.com/shop/index.html]
[wordpress.revanoid.com/wp-content/uploads/2024/05/roadstar7033.logowik.com_.webp]
[wordpress.revanoid.com/wp-content/uploads/2024/05/woodland-logo-woodland-icon-free-free-vector.jpg]
[wordpress.revanoid.com/wp-content/uploads/2024/05/OIP-10-300x300.jpg]
[wordpress.revanoid.com/wp-content/uploads/2024/05/R-7-300x300.jpg]
[wordpress.revanoid.com/wp-content/plugins/elementor/assets/css/widget-icon-box.min.css]
[wordpress.revanoid.com/wp-content/uploads/elementor/thumbs/eng_pl_Air-Jordan-1-Flight-5-Premium-GG-Shoes-881438-002-19679_1-qo58g4v8qgyukhf2ivuutuf5ywht9x8jem36jfdtwg.jpg]
[wordpress.revanoid.com/wp-content/uploads/elementor/thumbs/0a8dd3aa-bfba-4c69-ab75-ab8992757a73_1.d526dea482570a7c2b25d1cdf7cf207f-qo58fqrnvyfjqbzjt7rgafz924fb2gokcoawc9yqhs.webp]
[wordpress.revanoid.com/wp-content/uploads/elementor/thumbs/Plain-Black-Dress-Shoes-qo5c36j7jycz7d2eb13dy9xnfsl1eshcf8d6772wf4.jpg]
[wordpress.revanoid.com/wp-content/uploads/elementor/thumbs/R-4-qo58ika8e2aik7w3cfn5rqd17qiy5rvkqmrc65s7ts.jpg]
[wordpress.revanoid.com/cart/index.html]
[wordpress.revanoid.com/wp-content/plugins/woocommerce/assets/client/blocks/wc-blocks144e.css]
[wordpress.revanoid.com/wp-content/plugins/header-footer-elementor/inc/widgets-css/frontendd2fa.css]
[wordpress.revanoid.com/wp-content/plugins/sina-extension-for-elementor/admin/assets/css/icofont.mine248.css]
[wordpress.revanoid.com/my-account/index.html]
[wordpress.revanoid.com/wp-content/plugins/elementor/assets/lib/font-awesome/css/font-awesome.min1849.css]
[wordpress.revanoid.com/wp-content/plugins/elementor/assets/lib/eicons/css/elementor-icons.mind54b.css]
[wordpress.revanoid.com/wp-content/plugins/sina-extension-for-elementor/assets/css/owl.carousel.mine248.css]
[wordpress.revanoid.com/wp-content/plugins/sina-extension-for-elementor/assets/css/animate-merge.mine248.css]
[wordpress.revanoid.com/product/causal-shoes/index.html]
[wordpress.revanoid.com/wp-content/plugins/sina-extension-for-elementor/assets/css/sina-widgets.mine248.css]
[wordpress.revanoid.com/wp-content/plugins/elementor/assets/lib/animations/animations.min63aa.css]
[wordpress.revanoid.com/wp-content/themes/astra/assets/js/minified/frontend.min33c5.js]
[wordpress.revanoid.com/wp-content/plugins/woocommerce/assets/js/sourcebuster/sourcebuster.min27f0.js]
[wordpress.revanoid.com/indexddd5.html]
[wordpress.revanoid.com/wp-content/plugins/woocommerce/assets/js/frontend/order-attribution.min27f0.js]
[stats.wp.com/e-202421.js]
[wordpress.revanoid.com/wp-content/plugins/sina-extension-for-elementor/assets/js/owl.carousel.mine248.js]
[wordpress.revanoid.com/product/formal-black/index.html]
[wordpress.revanoid.com/wp-content/plugins/sina-extension-for-elementor/assets/js/sina-widgets.mine248.js]
[wordpress.revanoid.com/wp-content/plugins/elementor/assets/js/webpack.runtime.min63aa.js]
[wordpress.revanoid.com/wp-content/plugins/elementor/assets/js/frontend-modules.min63aa.js]
[wordpress.revanoid.com/wp-content/plugins/elementor/assets/lib/waypoints/waypoints.min05da.js]
[wordpress.revanoid.com/wp-includes/js/jquery/ui/core.min3f14.js]
[wordpress.revanoid.com/indexa2f1.html]
[wordpress.revanoid.com/index.html]
[wordpress.revanoid.com/wp-content/plugins/elementor/assets/js/frontend.min63aa.js]
[wordpress.revanoid.com/wp-content/themes/astra/assets/css/minified/main.min33c5.css]
[wordpress.revanoid.com/product/mens-sandals/index.html]
[wordpress.revanoid.com/wp-includes/js/mediaelement/mejs-controls.svg]
[wordpress.revanoid.com/wp-includes/js/mediaelement/mediaelementplayer-legacy.min1f61.css]
[wordpress.revanoid.com/wp-includes/js/mediaelement/wp-mediaelement.minef10.css]
[wordpress.revanoid.com/index3871.html]
[wordpress.revanoid.com/wp-content/plugins/addons-for-visual-composer/assets/css/animatecd70.css]
[wordpress.revanoid.com/product/premium-formal/index.html]
[wordpress.revanoid.com/indexdaaf.html]
[wordpress.revanoid.com/product/formals/index.html]
[wordpress.revanoid.com/product/sandals/index.html]
[wordpress.revanoid.com/index751f.html]
[wordpress.revanoid.com/product/sandals-2/index.html]
[wordpress.revanoid.com/wp-content/plugins/addons-for-visual-composer/assets/css/ajax-loader.gif]
[wordpress.revanoid.com/wp-content/plugins/addons-for-visual-composer/assets/css/lvca-frontendcd70.css]
[wordpress.revanoid.com/index5f6a.html]
[wordpress.revanoid.com/wp-content/plugins/addons-for-visual-composer/assets/css/fonts/icomoon/icomoon17c4.eot]
[wordpress.revanoid.com/wp-content/plugins/addons-for-visual-composer/assets/css/fonts/icomoon/icomoon17c4.ttf]
[wordpress.revanoid.com/wp-content/plugins/addons-for-visual-composer/assets/css/fonts/icomoon/icomoon17c4.woff]
[wordpress.revanoid.com/wp-content/plugins/addons-for-visual-composer/assets/css/icomooncd70.css]
[wordpress.revanoid.com/wp-content/plugins/addons-for-visual-composer/assets/css/fonts/icomoon/icomoon17c4.svg]
[wordpress.revanoid.com/wp-content/themes/astra/assets/css/minified/compatibility/woocommerce/woocommerce-layout-grid.min33c5.css]
[wordpress.revanoid.com/wp-content/themes/astra/assets/css/minified/compatibility/woocommerce/woocommerce-smallscreen-grid.min33c5.css]
[wordpress.revanoid.com/wp-content/plugins/woocommerce/assets/fonts/star.eot]
[wordpress.revanoid.com/wp-content/plugins/woocommerce/assets/fonts/stard41d.eot]
[wordpress.revanoid.com/wp-content/plugins/woocommerce/assets/fonts/star.woff]
[wordpress.revanoid.com/wp-content/plugins/woocommerce/assets/fonts/star.ttf]
[wordpress.revanoid.com/wp-content/plugins/woocommerce/assets/fonts/star.svg]
[wordpress.revanoid.com/wp-content/plugins/woocommerce/assets/fonts/WooCommerce.eot]
[wordpress.revanoid.com/wp-content/plugins/woocommerce/assets/fonts/WooCommerced41d.eot]
[wordpress.revanoid.com/wp-content/plugins/woocommerce/assets/fonts/WooCommerce.woff]
[wordpress.revanoid.com/wp-content/plugins/woocommerce/assets/fonts/WooCommerce.ttf]
[wordpress.revanoid.com/wp-content/plugins/woocommerce/assets/fonts/WooCommerce.svg]
[wordpress.revanoid.com/wp-content/plugins/woocommerce/assets/css/photoswipe/default-skin/default-skin.png]
[wordpress.revanoid.com/wp-content/plugins/woocommerce/assets/images/icons/credit-cards/visa.svg]
[wordpress.revanoid.com/wp-content/plugins/woocommerce/assets/images/icons/credit-cards/mastercard.svg]
[wordpress.revanoid.com/wp-content/plugins/woocommerce/assets/images/icons/credit-cards/laser.svg]
[wordpress.revanoid.com/wp-content/plugins/woocommerce/assets/images/icons/credit-cards/diners.svg]
[wordpress.revanoid.com/wp-content/plugins/woocommerce/assets/images/icons/credit-cards/maestro.svg]
[wordpress.revanoid.com/wp-content/plugins/woocommerce/assets/images/icons/credit-cards/jcb.svg]
[wordpress.revanoid.com/wp-content/plugins/woocommerce/assets/images/icons/credit-cards/amex.svg]
[wordpress.revanoid.com/wp-content/themes/astra/assets/css/minified/compatibility/woocommerce/woocommerce-grid.min33c5.css]
[wordpress.revanoid.com/wp-content/plugins/woocommerce/assets/images/icons/credit-cards/discover.svg]
[wordpress.revanoid.com/wp-content/plugins/addons-for-visual-composer/includes/addons/accordion/css/stylecd70.css]
[wordpress.revanoid.com/wp-content/plugins/addons-for-visual-composer/assets/css/slickcd70.css]
[wordpress.revanoid.com/wp-content/plugins/addons-for-visual-composer/includes/addons/carousel/css/stylecd70.css]
[wordpress.revanoid.com/wp-content/plugins/addons-for-visual-composer/includes/addons/clients/css/stylecd70.css]
[wordpress.revanoid.com/wp-content/plugins/addons-for-visual-composer/includes/addons/heading/css/stylecd70.css]
[wordpress.revanoid.com/wp-content/plugins/addons-for-visual-composer/includes/addons/odometers/css/stylecd70.css]
[wordpress.revanoid.com/wp-content/plugins/addons-for-visual-composer/includes/addons/piecharts/css/stylecd70.css]
[wordpress.revanoid.com/wp-content/plugins/addons-for-visual-composer/includes/addons/posts-carousel/css/stylecd70.css]
[wordpress.revanoid.com/wp-content/plugins/addons-for-visual-composer/includes/addons/pricing-table/css/stylecd70.css]
[wordpress.revanoid.com/wp-content/plugins/addons-for-visual-composer/includes/addons/services/css/stylecd70.css]
[wordpress.revanoid.com/wp-content/plugins/addons-for-visual-composer/includes/addons/stats-bar/css/stylecd70.css]
[wordpress.revanoid.com/wp-content/plugins/addons-for-visual-composer/includes/addons/tabs/css/stylecd70.css]
[wordpress.revanoid.com/wp-content/plugins/addons-for-visual-composer/includes/addons/team/css/stylecd70.css]
[wordpress.revanoid.com/wp-content/plugins/addons-for-visual-composer/includes/addons/testimonials/css/stylecd70.css]
[wordpress.revanoid.com/wp-content/plugins/addons-for-visual-composer/assets/css/flexslidercd70.css]
[wordpress.revanoid.com/wp-content/plugins/addons-for-visual-composer/includes/addons/testimonials-slider/css/stylecd70.css]
[wordpress.revanoid.com/wp-content/plugins/addons-for-visual-composer/includes/addons/portfolio/css/stylecd70.css]
[wordpress.revanoid.com/wp-content/plugins/header-footer-elementor/assets/css/header-footer-elementord2fa.css]
[wordpress.revanoid.com/wp-content/plugins/elementor/assets/css/frontend-lite.min63aa.css]
[wordpress.revanoid.com/wp-content/plugins/elementor/assets/lib/swiper/v8/css/swiper.min94a4.css]
[wordpress.revanoid.com/wp-content/uploads/elementor/css/post-71187.css]
[wordpress.revanoid.com/wp-content/uploads/elementor/css/global72e0.css]
[wordpress.revanoid.com/wp-content/uploads/2024/05/061721ShoppingImage.webp]
[wordpress.revanoid.com/wp-content/uploads/2024/05/imgkit11.jpg]
[wordpress.revanoid.com/wp-content/uploads/elementor/css/post-145d06.css]
[wordpress.revanoid.com/wp-content/plugins/woo-custom-add-to-cart-button/assets/css/wc-custom-add-to-cart.min9030.css]
[wordpress.revanoid.com/wp-includes/js/dist/vendor/wp-polyfill-inert.min0226.js]
[wordpress.revanoid.com/wp-includes/js/dist/vendor/regenerator-runtime.min6c85.js]
[wordpress.revanoid.com/wp-includes/js/dist/vendor/wp-polyfill.min2c7c.js]
[wordpress.revanoid.com/wp-includes/js/dist/hooks.min2757.js]
[wordpress.revanoid.com/wp-includes/js/jquery/jquery.minf43b.js]
[wordpress.revanoid.com/wp-includes/js/jquery/jquery-migrate.min5589.js]
[wordpress.revanoid.com/wp-content/plugins/addons-for-visual-composer/assets/js/jquery.waypoints.mincd70.js]
[wordpress.revanoid.com/wp-content/plugins/addons-for-visual-composer/assets/js/lvca-frontend.mincd70.js]
[wordpress.revanoid.com/wp-content/plugins/woocommerce/assets/js/jquery-blockui/jquery.blockUI.mince95.js]
[wordpress.revanoid.com/wp-content/plugins/woocommerce/assets/js/frontend/add-to-cart.min27f0.js]
[wordpress.revanoid.com/wp-content/plugins/woocommerce/assets/js/js-cookie/js.cookie.mina39c.js]
[wordpress.revanoid.com/wp-content/plugins/woocommerce/assets/js/frontend/woocommerce.min27f0.js]
[wordpress.revanoid.com/wp-content/plugins/addons-for-visual-composer/includes/addons/accordion/js/accordion.mincd70.js]
[wordpress.revanoid.com/wp-content/plugins/addons-for-visual-composer/assets/js/slick.mincd70.js]
[wordpress.revanoid.com/wp-content/plugins/addons-for-visual-composer/assets/js/jquery.stats.mincd70.js]
[wordpress.revanoid.com/wp-content/plugins/addons-for-visual-composer/includes/addons/odometers/js/odometer.mincd70.js]
[wordpress.revanoid.com/wp-content/plugins/addons-for-visual-composer/includes/addons/piecharts/js/piechart.mincd70.js]
[wordpress.revanoid.com/wp-content/plugins/addons-for-visual-composer/includes/addons/posts-carousel/js/posts-carousel.mincd70.js]
[wordpress.revanoid.com/wp-content/plugins/addons-for-visual-composer/includes/addons/spacer/js/spacer.mincd70.js]
[wordpress.revanoid.com/wp-content/plugins/addons-for-visual-composer/includes/addons/services/js/services.mincd70.js]
[wordpress.revanoid.com/wp-content/plugins/addons-for-visual-composer/includes/addons/stats-bar/js/stats-bar.mincd70.js]
[wordpress.revanoid.com/wp-content/plugins/addons-for-visual-composer/includes/addons/tabs/js/tabs.mincd70.js]
[wordpress.revanoid.com/wp-content/plugins/addons-for-visual-composer/assets/js/jquery.flexslider.mincd70.js]
[wordpress.revanoid.com/wp-content/plugins/addons-for-visual-composer/includes/addons/testimonials-slider/js/testimonials.mincd70.js]
[wordpress.revanoid.com/wp-content/plugins/addons-for-visual-composer/assets/js/isotope.pkgd.mincd70.js]
[wordpress.revanoid.com/wp-content/plugins/addons-for-visual-composer/assets/js/imagesloaded.pkgd.mincd70.js]
[wordpress.revanoid.com/wp-content/plugins/addons-for-visual-composer/includes/addons/portfolio/js/portfolio.mincd70.js]
[wordpress.revanoid.com/wp-includes/css/dist/block-library/style.minef10.css]
[wordpress.revanoid.com/wp-content/uploads/2024/05/R-5-scaled-300x300.jpg]
[wordpress.revanoid.com/shop/feed/index.html]
[wordpress.revanoid.com/wp-content/uploads/2024/05/OIP-7-300x300.jpg]
[wordpress.revanoid.com/product/casual-nike-blue/index.html]
[wordpress.revanoid.com/wp-content/uploads/2024/05/R-4-300x300.jpg]
[wordpress.revanoid.com/shop/index.html]
[wordpress.revanoid.com/checkout/index.html]
[wordpress.revanoid.com/shop/index4850.html]
[wordpress.revanoid.com/wp-content/plugins/woocommerce/assets/css/select227f0.css]
[wordpress.revanoid.com/product/casual-shoes/index.html]
[wordpress.revanoid.com/wp-content/plugins/woocommerce/assets/js/frontend/country-select.min27f0.js]
[wordpress.revanoid.com/shop/indexec93.html]
[wordpress.revanoid.com/wp-content/plugins/woocommerce/assets/js/frontend/address-i18n.min27f0.js]
[wordpress.revanoid.com/shop/indexddd5.html]
[wordpress.revanoid.com/wp-content/plugins/woocommerce/assets/js/frontend/cart.min27f0.js]
[wordpress.revanoid.com/shop/indexa2f1.html]
[wordpress.revanoid.com/wp-content/plugins/woocommerce/assets/js/selectWoo/selectWoo.full.min1b5d.js]
[wordpress.revanoid.com/wp-content/plugins/woocommerce/assets/js/frontend/cart-fragments.min27f0.js]
[wordpress.revanoid.com/wp-json/wp/v2/pages/10.json]
[wordpress.revanoid.com/shop/index3871.html]
[wordpress.revanoid.com/shop/indexdaaf.html]
[wordpress.revanoid.com/shop/index751f.html]
[wordpress.revanoid.com/wp-json/oembed/1.0/embed9de0.json]
[wordpress.revanoid.com/shop/index5f6a.html]
[wordpress.revanoid.com/product/woodland-shoes/index.html]
[wordpress.revanoid.com/cart/index.html]
[wordpress.revanoid.com/wp-json/oembed/1.0/embedcbdc]
[wordpress.revanoid.com/shop/index5412.html]
[wordpress.revanoid.com/wp-json/wp/v2/pages/12.json]
[wordpress.revanoid.com/wp-json/oembed/1.0/embed2363.json]
[wordpress.revanoid.com/my-account/index.html]
[wordpress.revanoid.com/wp-json/oembed/1.0/embedd548]
[wordpress.revanoid.com/wp-content/plugins/woocommerce/assets/css/photoswipe/photoswipe.min27f0.css]
[wordpress.revanoid.com/wp-content/plugins/woocommerce/assets/css/photoswipe/default-skin/default-skin.min27f0.css]
[wordpress.revanoid.com/my-account/lost-password/index.html]
[wordpress.revanoid.com/wp-content/themes/astra/assets/css/minified/compatibility/woocommerce/sticky-add-to-cart.min33c5.css]
[wordpress.revanoid.com/product/causal-shoes/feed/index.html]
[wordpress.revanoid.com/wp-content/plugins/woocommerce/assets/js/zoom/jquery.zoom.min5d7c.js]
[wordpress.revanoid.com/wp-content/plugins/woocommerce/assets/js/flexslider/jquery.flexslider.mine041.js]
[wordpress.revanoid.com/wp-content/plugins/woocommerce/assets/js/photoswipe/photoswipe.min6ace.js]
[wordpress.revanoid.com/wp-content/plugins/woocommerce/assets/js/photoswipe/photoswipe-ui-default.min6ace.js]
[wordpress.revanoid.com/wp-content/plugins/woocommerce/assets/js/frontend/single-product.min27f0.js]
[wordpress.revanoid.com/wp-json/wp/v2/product/41.json]
[wordpress.revanoid.com/wp-json/oembed/1.0/embed5a14.json]
[wordpress.revanoid.com/wp-json/oembed/1.0/embed7de3]
[wordpress.revanoid.com/wp-content/uploads/2024/05/OIP-5.jpg]
[wordpress.revanoid.com/wp-content/uploads/2024/05/OIP-5-600x600.jpg]
[wordpress.revanoid.com/wp-includes/js/comment-reply.minef10.js]
[wordpress.revanoid.com/wp-content/themes/astra/assets/js/minified/sticky-add-to-cart.min33c5.js]
[wordpress.revanoid.com/product/causal-shoes/index.html]
[wordpress.revanoid.com/indexddd5.html]
[wordpress.revanoid.com/product-category/casual/index.html]
[wordpress.revanoid.com/product-tag/casual/index.html]
[wordpress.revanoid.com/wp-json/wp/v2/product/43.json]
[wordpress.revanoid.com/product-tag/foot/index.html]
[wordpress.revanoid.com/product-tag/formal/index.html]
[wordpress.revanoid.com/wp-json/oembed/1.0/embedec76.json]
[wordpress.revanoid.com/product-tag/shoes/index.html]
[wordpress.revanoid.com/product-tag/wear/index.html]
[wordpress.revanoid.com/product/causal-shoes/index5f6a.html]
[wordpress.revanoid.com/product/causal-shoes/index3871.html]
[wordpress.revanoid.com/wp-json/oembed/1.0/embed3e6e]
[wordpress.revanoid.com/product/causal-shoes/indexec93.html]
[wordpress.revanoid.com/wp-content/uploads/2024/05/imgkit11-600x600.jpg]
[wordpress.revanoid.com/product/formal-black/index.html]
[wordpress.revanoid.com/indexa2f1.html]
[wordpress.revanoid.com/product-category/formals/index.html]
[wordpress.revanoid.com/product/causal-shoes/indexa2f1.html]
[wordpress.revanoid.com/product/formal-black/feed/index.html]
[wordpress.revanoid.com/product-tag/shoe/index.html]
[wordpress.revanoid.com/product/formal-black/index3871.html]
[wordpress.revanoid.com/wp-json/wp/v2/product/49.json]
[wordpress.revanoid.com/product/formal-black/indexec93.html]
[wordpress.revanoid.com/product/formal-black/index5412.html]
[wordpress.revanoid.com/wp-json/oembed/1.0/embed7f5f.json]
[wordpress.revanoid.com/product/mens-sandals/feed/index.html]
[wordpress.revanoid.com/wp-json/oembed/1.0/embed4e27]
[wordpress.revanoid.com/wp-content/uploads/2024/05/OIP-9.jpg]
[wordpress.revanoid.com/product/mens-sandals/index.html]
[wordpress.revanoid.com/index3871.html]
[wordpress.revanoid.com/product-category/sandals/index.html]
[wordpress.revanoid.com/product/mens-sandals/indexec93.html]
[wordpress.revanoid.com/wp-json/wp/v2/product/44.json]
[wordpress.revanoid.com/product/mens-sandals/index4850.html]
[wordpress.revanoid.com/product/mens-sandals/indexa2f1.html]
[wordpress.revanoid.com/product/premium-formal/feed/index.html]
[wordpress.revanoid.com/wp-json/oembed/1.0/embedd3c4.json]
[wordpress.revanoid.com/wp-json/oembed/1.0/embed40f4]
[wordpress.revanoid.com/wp-content/uploads/2024/05/OIP-6.jpg]
[wordpress.revanoid.com/wp-content/uploads/2024/05/OIP-6-600x600.jpg]
[wordpress.revanoid.com/product/premium-formal/index.html]
[wordpress.revanoid.com/indexdaaf.html]
[wordpress.revanoid.com/product/premium-formal/indexa2f1.html]
[wordpress.revanoid.com/wp-json/wp/v2/product/113.json]
[wordpress.revanoid.com/product/formals/feed/index.html]
[wordpress.revanoid.com/wp-json/oembed/1.0/embedc5d6.json]
[wordpress.revanoid.com/wp-json/oembed/1.0/embed59b2]
[wordpress.revanoid.com/wp-content/uploads/2024/05/Plain-Black-Dress-Shoes.jpg]
[wordpress.revanoid.com/wp-content/uploads/2024/05/Plain-Black-Dress-Shoes-600x600.jpg]
[wordpress.revanoid.com/product/formals/index.html]
[wordpress.revanoid.com/product/formals/indexec93.html]
[wordpress.revanoid.com/wp-json/wp/v2/product/46.json]
[wordpress.revanoid.com/product/formals/index3871.html]
[wordpress.revanoid.com/product/formals/index751f.html]
[wordpress.revanoid.com/wp-json/oembed/1.0/embed51ab.json]
[wordpress.revanoid.com/product/formals/index5412.html]
[wordpress.revanoid.com/product/formals/index4850.html]
[wordpress.revanoid.com/wp-json/oembed/1.0/embed163c]
[wordpress.revanoid.com/product/sandals/feed/index.html]
[wordpress.revanoid.com/product/sandals/index.html]
[wordpress.revanoid.com/wp-content/uploads/2024/05/OIP-10.jpg]
[wordpress.revanoid.com/index751f.html]
[wordpress.revanoid.com/product-tag/sandals/index.html]
[wordpress.revanoid.com/product/sandals/indexec93.html]
[wordpress.revanoid.com/wp-json/wp/v2/product/111.json]
[wordpress.revanoid.com/product/sandals/indexddd5.html]
[wordpress.revanoid.com/product/sandals/index3871.html]
[wordpress.revanoid.com/wp-json/oembed/1.0/embed1547.json]
[wordpress.revanoid.com/product/sandals-2/feed/index.html]
[wordpress.revanoid.com/wp-json/oembed/1.0/embeda4f1]
[wordpress.revanoid.com/wp-content/uploads/2024/05/R-7.jpg]
[wordpress.revanoid.com/wp-content/uploads/2024/05/R-7-600x600.jpg]
[wordpress.revanoid.com/product/sandals-2/index.html]
[wordpress.revanoid.com/index5f6a.html]
[wordpress.revanoid.com/wp-content/plugins/elementor/assets/css/widget-icon-box.min.css]
[wordpress.revanoid.com/wp-content/plugins/woocommerce/assets/client/blocks/wc-blocks144e.css]
[wordpress.revanoid.com/wp-content/plugins/header-footer-elementor/inc/widgets-css/frontendd2fa.css]
[wordpress.revanoid.com/product/sandals-2/index3871.html]
[wordpress.revanoid.com/product/sandals-2/indexec93.html]
[wordpress.revanoid.com/product/sandals-2/index5412.html]
[wordpress.revanoid.com/wp-content/plugins/sina-extension-for-elementor/admin/assets/css/fonts/icofont.woff2]
[wordpress.revanoid.com/wp-content/plugins/sina-extension-for-elementor/admin/assets/css/fonts/icofont.woff]
[wordpress.revanoid.com/wp-content/plugins/sina-extension-for-elementor/admin/assets/css/icofont.mine248.css]
[wordpress.revanoid.com/wp-content/plugins/elementor/assets/lib/font-awesome/fonts/fontawesome-webfont3e6e.eot]
[wordpress.revanoid.com/wp-content/plugins/elementor/assets/lib/font-awesome/fonts/fontawesome-webfontd41d.eot]
[wordpress.revanoid.com/wp-content/plugins/elementor/assets/lib/font-awesome/fonts/fontawesome-webfont3e6e.woff2]
[wordpress.revanoid.com/wp-content/plugins/elementor/assets/lib/font-awesome/fonts/fontawesome-webfont3e6e.woff]
[wordpress.revanoid.com/wp-content/plugins/elementor/assets/lib/font-awesome/fonts/fontawesome-webfont3e6e.ttf]
[wordpress.revanoid.com/wp-content/plugins/elementor/assets/lib/font-awesome/css/font-awesome.min1849.css]
[wordpress.revanoid.com/wp-content/plugins/elementor/assets/lib/font-awesome/fonts/fontawesome-webfont3e6e.svg]
[wordpress.revanoid.com/wp-content/plugins/elementor/assets/lib/eicons/fonts/eicons8016.eot]
[wordpress.revanoid.com/wp-content/plugins/elementor/assets/lib/eicons/fonts/eicons8016.woff2]
[wordpress.revanoid.com/wp-content/plugins/elementor/assets/lib/eicons/fonts/eicons8016.woff]
[wordpress.revanoid.com/wp-content/plugins/elementor/assets/lib/eicons/fonts/eicons8016.ttf]
[wordpress.revanoid.com/wp-content/plugins/elementor/assets/lib/eicons/css/elementor-icons.mind54b.css]
[wordpress.revanoid.com/wp-content/plugins/elementor/assets/lib/eicons/fonts/eicons8016.svg]
[wordpress.revanoid.com/wp-content/plugins/sina-extension-for-elementor/assets/css/img/owl.video.play.png]
[wordpress.revanoid.com/wp-content/plugins/sina-extension-for-elementor/assets/css/owl.carousel.mine248.css]
[wordpress.revanoid.com/wp-content/plugins/sina-extension-for-elementor/assets/css/animate-merge.mine248.css]
[wordpress.revanoid.com/wp-content/plugins/sina-extension-for-elementor/assets/css/sina-widgets.mine248.css]
[wordpress.revanoid.com/wp-content/plugins/elementor/assets/lib/animations/animations.min63aa.css]
[wordpress.revanoid.com/wp-content/themes/astra/assets/js/minified/frontend.min33c5.js]
[wordpress.revanoid.com/wp-content/plugins/woocommerce/assets/js/sourcebuster/sourcebuster.min27f0.js]
[wordpress.revanoid.com/wp-content/plugins/woocommerce/assets/js/frontend/order-attribution.min27f0.js]
[wordpress.revanoid.com/wp-content/plugins/sina-extension-for-elementor/assets/js/owl.carousel.mine248.js]
[wordpress.revanoid.com/wp-content/plugins/sina-extension-for-elementor/assets/js/sina-widgets.mine248.js]
[wordpress.revanoid.com/wp-content/plugins/elementor/assets/js/webpack.runtime.min63aa.js]
[wordpress.revanoid.com/wp-content/plugins/elementor/assets/js/frontend-modules.min63aa.js]
[wordpress.revanoid.com/wp-content/plugins/elementor/assets/lib/waypoints/waypoints.min05da.js]
[wordpress.revanoid.com/wp-includes/js/jquery/ui/core.min3f14.js]
[wordpress.revanoid.com/-negative.svg]
[wordpress.revanoid.com/wp-content/plugins/elementor/assets/js/frontend.min63aa.js]
[wordpress.revanoid.com/wp-includes/js/mediaelement/mejs-controls.svg]
[wordpress.revanoid.com/wp-content/plugins/addons-for-visual-composer/assets/css/fonts/icomoon/icomoon17c4.svg]
[wordpress.revanoid.com/wp-content/plugins/woocommerce/assets/fonts/star.html]
[wordpress.revanoid.com/wp-content/plugins/woocommerce/assets/fonts/stard41d.html]
[wordpress.revanoid.com/wp-content/plugins/woocommerce/assets/fonts/star.svg]
[wordpress.revanoid.com/wp-content/plugins/woocommerce/assets/fonts/WooCommerce.html]
[wordpress.revanoid.com/wp-content/plugins/woocommerce/assets/fonts/WooCommerced41d.html]
[wordpress.revanoid.com/wp-content/plugins/woocommerce/assets/fonts/WooCommerce.svg]
[wordpress.revanoid.com/wp-content/plugins/woocommerce/assets/images/icons/loader.svg]
[wordpress.revanoid.com/wp-content/plugins/woocommerce/assets/images/icons/credit-cards/visa.svg]
[wordpress.revanoid.com/wp-content/plugins/woocommerce/assets/images/icons/credit-cards/mastercard.svg]
[wordpress.revanoid.com/wp-content/plugins/woocommerce/assets/images/icons/credit-cards/laser.svg]
[wordpress.revanoid.com/wp-content/plugins/woocommerce/assets/images/icons/credit-cards/diners.svg]
[wordpress.revanoid.com/wp-content/plugins/woocommerce/assets/images/icons/credit-cards/maestro.svg]
[wordpress.revanoid.com/wp-content/plugins/woocommerce/assets/images/icons/credit-cards/jcb.svg]
[wordpress.revanoid.com/wp-content/plugins/woocommerce/assets/images/icons/credit-cards/amex.svg]
[wordpress.revanoid.com/wp-content/plugins/woocommerce/assets/images/icons/credit-cards/discover.svg]
[wordpress.revanoid.com/wp-includes/css/dist/block-library/style.minef10.css]
[wordpress.revanoid.com/OPR/index.html]
[wordpress.revanoid.com/wp-json/wp/v2/product/42.json]
[wordpress.revanoid.com/product/casual-nike-blue/feed/index.html]
[wordpress.revanoid.com/wp-json/oembed/1.0/embed03ec.json]
[wordpress.revanoid.com/wp-json/oembed/1.0/embedba48]
[wordpress.revanoid.com/wp-content/uploads/2024/05/R-5-scaled.jpg]
[wordpress.revanoid.com/wp-content/uploads/2024/05/R-5-scaled-600x531.jpg]
[wordpress.revanoid.com/product/casual-nike-blue/index.html]
[wordpress.revanoid.com/shop/index4850.html]
[wordpress.revanoid.com/product/casual-nike-blue/indexddd5.html]
[wordpress.revanoid.com/product/casual-nike-blue/index751f.html]
[wordpress.revanoid.com/wp-json/wp/v2/product/45.json]
[wordpress.revanoid.com/product/casual-nike-blue/index5f6a.html]
[wordpress.revanoid.com/product/casual-nike-blue/indexec93.html]
[wordpress.revanoid.com/product/casual-shoes/feed/index.html]
[wordpress.revanoid.com/wp-json/oembed/1.0/embed692d.json]
[wordpress.revanoid.com/wp-json/oembed/1.0/embed36c2]
[wordpress.revanoid.com/wp-content/uploads/2024/05/OIP-7.jpg]
[wordpress.revanoid.com/product/casual-shoes/index.html]
[wordpress.revanoid.com/shop/indexec93.html]
[wordpress.revanoid.com/shop/indexddd5.html]
[wordpress.revanoid.com/shop/indexa2f1.html]
[wordpress.revanoid.com/shop/index3871.html]
[wordpress.revanoid.com/shop/indexdaaf.html]
[wordpress.revanoid.com/shop/index751f.html]
[wordpress.revanoid.com/shop/index5f6a.html]
[wordpress.revanoid.com/product/casual-shoes/indexa2f1.html]
[wordpress.revanoid.com/product/casual-shoes/index5412.html]
[wordpress.revanoid.com/product/casual-shoes/index5f6a.html]
[wordpress.revanoid.com/wp-json/wp/v2/product/50.json]
[wordpress.revanoid.com/product/woodland-shoes/feed/index.html]
[wordpress.revanoid.com/wp-json/oembed/1.0/embedfaac.json]
[wordpress.revanoid.com/wp-json/oembed/1.0/embed57c2]
[wordpress.revanoid.com/wp-content/uploads/2024/05/R-4.jpg]
[wordpress.revanoid.com/wp-content/uploads/2024/05/R-4-600x600.jpg]
[wordpress.revanoid.com/product/woodland-shoes/index.html]
[wordpress.revanoid.com/shop/index5412.html]
[wordpress.revanoid.com/wp-content/plugins/woocommerce/assets/css/select227f0.css]
[wordpress.revanoid.com/wp-content/plugins/woocommerce/assets/js/frontend/country-select.min27f0.js]
[wordpress.revanoid.com/product/woodland-shoes/index3871.html]
[wordpress.revanoid.com/wp-content/plugins/woocommerce/assets/js/frontend/address-i18n.min27f0.js]
[wordpress.revanoid.com/wp-content/plugins/woocommerce/assets/js/frontend/cart.min27f0.js]
[wordpress.revanoid.com/product/woodland-shoes/index4850.html]
[wordpress.revanoid.com/product/woodland-shoes/index5f6a.html]
[wordpress.revanoid.com/product/woodland-shoes/indexa2f1.html]
[wordpress.revanoid.com/wp-content/plugins/woocommerce/assets/js/selectWoo/selectWoo.full.min1b5d.js]
[wordpress.revanoid.com/wp-content/plugins/woocommerce/assets/js/frontend/cart-fragments.min27f0.js]
[wordpress.revanoid.com/index64b4.html]
[wordpress.revanoid.com/index678b.html]
[wordpress.revanoid.com/wp-includes/js/zxcvbn-async.min5152.js]
[wordpress.revanoid.com/wp-includes/js/dist/i18n.minc33c.js]
[wordpress.revanoid.com/wp-admin/js/password-strength-meter.minef10.js]
[wordpress.revanoid.com/wp-content/plugins/woocommerce/assets/js/frontend/password-strength-meter.min27f0.js]
[wordpress.revanoid.com/my-account/lost-password/index.html]
[wordpress.revanoid.com/wp-content/plugins/woocommerce/assets/css/photoswipe/photoswipe.min27f0.css]
[wordpress.revanoid.com/wp-content/plugins/woocommerce/assets/css/photoswipe/default-skin/default-skin.svg]
[wordpress.revanoid.com/wp-content/plugins/woocommerce/assets/css/photoswipe/default-skin/default-skin.min27f0.css]
[wordpress.revanoid.com/wp-content/plugins/woocommerce/assets/css/photoswipe/default-skin/preloader.gif]
[wordpress.revanoid.com/wp-content/themes/astra/assets/css/minified/compatibility/woocommerce/sticky-add-to-cart.min33c5.css]
[wordpress.revanoid.com/wp-content/plugins/woocommerce/assets/js/zoom/jquery.zoom.min5d7c.js]
[wordpress.revanoid.com/wp-content/plugins/woocommerce/assets/js/flexslider/jquery.flexslider.mine041.js]
[wordpress.revanoid.com/wp-content/plugins/woocommerce/assets/js/photoswipe/photoswipe.min6ace.js]
[wordpress.revanoid.com/wp-content/plugins/woocommerce/assets/js/photoswipe/photoswipe-ui-default.min6ace.js]
[wordpress.revanoid.com/wp-content/plugins/woocommerce/assets/js/frontend/single-product.min27f0.js]
[wordpress.revanoid.com/indexcbb6.html]
[wordpress.revanoid.com/wp-json/wp/v2/product_cat/19.json]
[wordpress.revanoid.com/product-category/casual/index.html]
[wordpress.revanoid.com/product-category/casual/feed/index.html]
[wordpress.revanoid.com/product-category/casual/index4850.html]
[wordpress.revanoid.com/wp-json/wp/v2/product_tag/21.json]
[wordpress.revanoid.com/product-tag/casual/index.html]
[wordpress.revanoid.com/product-tag/casual/feed/index.html]
[wordpress.revanoid.com/product-category/casual/indexec93.html]
[wordpress.revanoid.com/product-category/casual/indexddd5.html]
[wordpress.revanoid.com/product-category/casual/index5412.html]
[wordpress.revanoid.com/product-tag/casual/index4850.html]
[wordpress.revanoid.com/wp-json/wp/v2/product_tag/22.json]
[wordpress.revanoid.com/product-tag/foot/index.html]
[wordpress.revanoid.com/product-tag/casual/indexec93.html]
[wordpress.revanoid.com/product-tag/foot/feed/index.html]
[wordpress.revanoid.com/product-tag/casual/indexddd5.html]
[wordpress.revanoid.com/product-tag/casual/index3871.html]
[wordpress.revanoid.com/product-tag/foot/index4850.html]
[wordpress.revanoid.com/product-tag/foot/indexec93.html]
[wordpress.revanoid.com/wp-json/wp/v2/product_tag/24.json]
[wordpress.revanoid.com/product-tag/formal/index.html]
[wordpress.revanoid.com/product-tag/formal/feed/index.html]
[wordpress.revanoid.com/product-tag/foot/indexddd5.html]
[wordpress.revanoid.com/product-tag/foot/index751f.html]
[wordpress.revanoid.com/product-tag/foot/index5f6a.html]
[wordpress.revanoid.com/product-tag/formal/indexddd5.html]
[wordpress.revanoid.com/wp-json/wp/v2/product_tag/20.json]
[wordpress.revanoid.com/product-tag/shoes/index.html]
[wordpress.revanoid.com/product-tag/formal/indexa2f1.html]
[wordpress.revanoid.com/product-tag/shoes/feed/index.html]
[wordpress.revanoid.com/product-tag/shoes/indexec93.html]
[wordpress.revanoid.com/wp-json/wp/v2/product_tag/23.json]
[wordpress.revanoid.com/product-tag/wear/index.html]
[wordpress.revanoid.com/product-tag/shoes/indexddd5.html]
[wordpress.revanoid.com/product-tag/shoes/indexa2f1.html]
[wordpress.revanoid.com/product/causal-shoes/index5f6a.html]
[wordpress.revanoid.com/product-tag/shoes/index3871.html]
[wordpress.revanoid.com/product-tag/shoes/index5f6a.html]
[wordpress.revanoid.com/product/causal-shoes/index3871.html]
[wordpress.revanoid.com/product-tag/wear/feed/index.html]
[wordpress.revanoid.com/product-tag/shoes/index5412.html]
[wordpress.revanoid.com/product/causal-shoes/indexec93.html]
[wordpress.revanoid.com/product-tag/wear/indexec93.html]
[wordpress.revanoid.com/product-tag/wear/indexddd5.html]
[wordpress.revanoid.com/product/causal-shoes/indexa2f1.html]
[wordpress.revanoid.com/product-tag/wear/index5412.html]
[wordpress.revanoid.com/wp-includes/js/comment-reply.minef10.js]
[wordpress.revanoid.com/wp-content/themes/astra/assets/js/minified/sticky-add-to-cart.min33c5.js]
[wordpress.revanoid.com/index4170.html]
[wordpress.revanoid.com/product/causal-shoes/index4850.html]
[wordpress.revanoid.com/product/causal-shoes/index5412.html]
[wordpress.revanoid.com/product/causal-shoes/index751f.html]
[wordpress.revanoid.com/wp-json/wp/v2/product_cat/17.json]
[wordpress.revanoid.com/product-category/formals/index.html]
[wordpress.revanoid.com/product-category/formals/feed/index.html]
[wordpress.revanoid.com/product-category/formals/indexa2f1.html]
[wordpress.revanoid.com/product-category/formals/indexdaaf.html]
[wordpress.revanoid.com/product-tag/shoe/feed/index.html]
[wordpress.revanoid.com/wp-json/wp/v2/product_tag/25.json]
[wordpress.revanoid.com/product-tag/shoe/index.html]
[wordpress.revanoid.com/product/formal-black/index3871.html]
[wordpress.revanoid.com/product-tag/shoe/indexa2f1.html]
[wordpress.revanoid.com/product-tag/shoe/index3871.html]
[wordpress.revanoid.com/product-tag/shoe/index5412.html]
[wordpress.revanoid.com/product-tag/shoe/indexec93.html]
[wordpress.revanoid.com/product/formal-black/indexec93.html]
[wordpress.revanoid.com/product/formal-black/index5412.html]
[wordpress.revanoid.com/index0012.html]
[wordpress.revanoid.com/product/formal-black/index5f6a.html]
[wordpress.revanoid.com/product/formal-black/indexdaaf.html]
[wordpress.revanoid.com/product-category/sandals/feed/index.html]
[wordpress.revanoid.com/wp-json/wp/v2/product_cat/18.json]
[wordpress.revanoid.com/product-category/sandals/index.html]
[wordpress.revanoid.com/product/mens-sandals/indexec93.html]
[wordpress.revanoid.com/product-category/sandals/index751f.html]
[wordpress.revanoid.com/product/mens-sandals/indexddd5.html]
[wordpress.revanoid.com/product-category/sandals/index3871.html]
[wordpress.revanoid.com/product/mens-sandals/index4850.html]
[wordpress.revanoid.com/product-category/sandals/index5f6a.html]
[wordpress.revanoid.com/product/mens-sandals/indexa2f1.html]
[wordpress.revanoid.com/index49b1.html]
[wordpress.revanoid.com/product/premium-formal/indexa2f1.html]
[wordpress.revanoid.com/index3961.html]
[wordpress.revanoid.com/product/formals/indexec93.html]
[wordpress.revanoid.com/product/mens-sandals/index751f.html]
[wordpress.revanoid.com/product/mens-sandals/index5f6a.html]
[wordpress.revanoid.com/product/mens-sandals/index5412.html]
[wordpress.revanoid.com/product/formals/index3871.html]
[wordpress.revanoid.com/product/formals/indexddd5.html]
[wordpress.revanoid.com/product/formals/index751f.html]
[wordpress.revanoid.com/product/formals/index5412.html]
[wordpress.revanoid.com/product/formals/index4850.html]
[wordpress.revanoid.com/index7ea6.html]
[wordpress.revanoid.com/product/formals/index5f6a.html]
[wordpress.revanoid.com/product/formals/indexdaaf.html]
[wordpress.revanoid.com/product/formals/indexa2f1.html]
[wordpress.revanoid.com/product-tag/sandals/feed/index.html]
[wordpress.revanoid.com/wp-json/wp/v2/product_tag/26.json]
[wordpress.revanoid.com/product-tag/sandals/index.html]
[wordpress.revanoid.com/product/sandals/indexec93.html]
[wordpress.revanoid.com/product/sandals/indexddd5.html]
[wordpress.revanoid.com/product/sandals/index3871.html]
[wordpress.revanoid.com/indexbbbb.html]
[wordpress.revanoid.com/product/sandals-2/index3871.html]
[wordpress.revanoid.com/product-tag/sandals/index5f6a.html]
[wordpress.revanoid.com/product-tag/sandals/index751f.html]
[wordpress.revanoid.com/product/sandals-2/indexec93.html]
[wordpress.revanoid.com/product/sandals/index4850.html]
[wordpress.revanoid.com/product/sandals-2/index4850.html]
[wordpress.revanoid.com/product/sandals-2/index5412.html]
[wordpress.revanoid.com/wp-content/plugins/elementor/assets/lib/font-awesome/fonts/fontawesome-webfont3e6e.svg]
[wordpress.revanoid.com/wp-content/plugins/elementor/assets/lib/eicons/fonts/eicons8016.svg]
[wordpress.revanoid.com/-negative.html]
[wordpress.revanoid.com/OPR/index.html]
[wordpress.revanoid.com/indexfbd5.html]
[wordpress.revanoid.com/product/casual-nike-blue/indexddd5.html]
[wordpress.revanoid.com/product/sandals-2/index751f.html]
[wordpress.revanoid.com/product/sandals-2/indexddd5.html]
[wordpress.revanoid.com/product/casual-nike-blue/index751f.html]
[wordpress.revanoid.com/product/casual-nike-blue/index5f6a.html]
[wordpress.revanoid.com/product/casual-nike-blue/indexec93.html]
[wordpress.revanoid.com/index5e74.html]
[wordpress.revanoid.com/product/casual-shoes/indexa2f1.html]
[wordpress.revanoid.com/product/casual-nike-blue/index5412.html]
[wordpress.revanoid.com/product/casual-shoes/index5412.html]
[wordpress.revanoid.com/product/casual-shoes/index5f6a.html]
[wordpress.revanoid.com/product/casual-nike-blue/index3871.html]
[wordpress.revanoid.com/index6aed.html]
[wordpress.revanoid.com/product/casual-shoes/index3871.html]
[wordpress.revanoid.com/product/woodland-shoes/index3871.html]
[wordpress.revanoid.com/product/casual-shoes/index751f.html]
[wordpress.revanoid.com/product/woodland-shoes/index5f6a.html]
[wordpress.revanoid.com/product/casual-shoes/indexddd5.html]
[wordpress.revanoid.com/product/woodland-shoes/index4850.html]
[wordpress.revanoid.com/product/woodland-shoes/indexa2f1.html]
[wordpress.revanoid.com/wp-includes/js/zxcvbn-async.min5152.js]
[wordpress.revanoid.com/wp-includes/js/dist/i18n.minc33c.js]
[wordpress.revanoid.com/wp-admin/js/password-strength-meter.minef10.js]
[wordpress.revanoid.com/wp-content/plugins/woocommerce/assets/js/frontend/password-strength-meter.min27f0.js]
[wordpress.revanoid.com/wp-content/plugins/woocommerce/assets/js/frontend/lost-password.min27f0.js]
[wordpress.revanoid.com/wp-content/plugins/woocommerce/assets/css/photoswipe/default-skin/default-skin.svg]
[wordpress.revanoid.com/product-category/casual/index4850.html]
[wordpress.revanoid.com/product-category/casual/indexec93.html]
[wordpress.revanoid.com/product-category/casual/indexddd5.html]
[wordpress.revanoid.com/product-category/casual/index5412.html]
[wordpress.revanoid.com/product-tag/casual/index4850.html]
[wordpress.revanoid.com/product-tag/casual/indexec93.html]
[wordpress.revanoid.com/product-tag/casual/indexddd5.html]
[wordpress.revanoid.com/product-tag/casual/index3871.html]
[wordpress.revanoid.com/product-tag/foot/index4850.html]
[wordpress.revanoid.com/product-tag/foot/indexec93.html]
[wordpress.revanoid.com/product-tag/foot/indexddd5.html]
[wordpress.revanoid.com/product-tag/foot/index751f.html]
[wordpress.revanoid.com/product/casual-shoes/index4850.html]
[wordpress.revanoid.com/product-tag/foot/index5f6a.html]
[wordpress.revanoid.com/product-tag/formal/indexddd5.html]
[wordpress.revanoid.com/product-tag/formal/indexa2f1.html]
[wordpress.revanoid.com/product-tag/shoes/indexec93.html]
[wordpress.revanoid.com/product-tag/shoes/indexddd5.html]
[wordpress.revanoid.com/product-tag/shoes/indexa2f1.html]
[wordpress.revanoid.com/product-tag/shoes/index3871.html]
[wordpress.revanoid.com/product-tag/shoes/index5f6a.html]
[wordpress.revanoid.com/product-tag/shoes/index5412.html]
[wordpress.revanoid.com/product-tag/wear/indexec93.html]
[wordpress.revanoid.com/product-tag/wear/indexddd5.html]
[wordpress.revanoid.com/product-tag/wear/index5412.html]
[wordpress.revanoid.com/product/causal-shoes/index4850.html]
[wordpress.revanoid.com/product/causal-shoes/index5412.html]
[wordpress.revanoid.com/product/causal-shoes/index751f.html]
[wordpress.revanoid.com/product-category/formals/indexa2f1.html]
[wordpress.revanoid.com/product-category/formals/indexdaaf.html]
[wordpress.revanoid.com/product-tag/shoe/indexec93.html]
[wordpress.revanoid.com/product-tag/shoe/indexa2f1.html]
[wordpress.revanoid.com/product-tag/shoe/index3871.html]
[wordpress.revanoid.com/product-tag/shoe/index5412.html]
[wordpress.revanoid.com/product/formal-black/index5f6a.html]
[wordpress.revanoid.com/product/formal-black/indexdaaf.html]
[wordpress.revanoid.com/product-category/sandals/index3871.html]
[wordpress.revanoid.com/product-category/sandals/index751f.html]
[wordpress.revanoid.com/product-category/sandals/index5f6a.html]
[wordpress.revanoid.com/product/mens-sandals/indexddd5.html]
[wordpress.revanoid.com/product/mens-sandals/index751f.html]
[wordpress.revanoid.com/product/mens-sandals/index5f6a.html]
[wordpress.revanoid.com/product/mens-sandals/index5412.html]
[wordpress.revanoid.com/product/formals/indexddd5.html]
[wordpress.revanoid.com/product/formals/indexdaaf.html]
[wordpress.revanoid.com/product/formals/index5f6a.html]
[wordpress.revanoid.com/product/formals/indexa2f1.html]
[wordpress.revanoid.com/product-tag/sandals/index751f.html]
[wordpress.revanoid.com/product-tag/sandals/index5f6a.html]
[wordpress.revanoid.com/product/sandals/index4850.html]
[wordpress.revanoid.com/product/woodland-shoes/indexec93.html]
[wordpress.revanoid.com/product/sandals-2/index4850.html]
[wordpress.revanoid.com/product/sandals-2/index751f.html]
[wordpress.revanoid.com/product/woodland-shoes/indexddd5.html]
[wordpress.revanoid.com/product/sandals-2/indexddd5.html]
[wordpress.revanoid.com/product/casual-nike-blue/index3871.html]
[wordpress.revanoid.com/product/casual-nike-blue/index5412.html]
[wordpress.revanoid.com/product/casual-shoes/index751f.html]
[wordpress.revanoid.com/product/casual-shoes/index3871.html]
[wordpress.revanoid.com/product/casual-shoes/indexddd5.html]
[wordpress.revanoid.com/product/casual-shoes/index4850.html]
[wordpress.revanoid.com/product/woodland-shoes/indexec93.html]
[wordpress.revanoid.com/product/woodland-shoes/indexddd5.html]
[wordpress.revanoid.com/product/formal-black/indexddd5.html]
[wordpress.revanoid.com/product/sandals/index5f6a.html]
[wordpress.revanoid.com/product/formal-black/indexddd5.html]
[wordpress.revanoid.com/product/sandals/index5f6a.html]
[wordpress.revanoid.com/product/sandals-2/indexa2f1.html]
[wordpress.revanoid.com/product/sandals-2/indexa2f1.html]
